[984:2948:0429/215413.042:INFO:components\enterprise\browser\controller\chrome_browser_cloud_management_controller.cc:238] No machine level policy manager exists.
[984:8540:0429/215413.171:ERROR:net\disk_cache\simple\simple_backend_impl.cc:82] Failed to create directory: Cache\Default\Code Cache\wasm
[984:8540:0429/215413.231:ERROR:net\disk_cache\simple\simple_backend_impl.cc:82] Failed to create directory: Cache\Default\Code Cache\wasm
[984:8540:0429/215413.233:ERROR:net\disk_cache\simple\simple_backend_impl.cc:750] Simple Cache Backend: wrong file structure on disk: 1 path: Cache\Default\Code Cache\wasm
[984:12848:0429/215413.171:ERROR:net\disk_cache\simple\simple_backend_impl.cc:82] Failed to create directory: Cache\Default\Code Cache\js
[984:11988:0429/215413.373:WARNING:components\leveldb_proto\internal\leveldb_database.cc:124] Unable to open C:\Users\mcfly\Documents\GitHub\band-auto-write\BandProgram\bin\Debug\chromedata\Default\shared_proto_db\metadata: IO error: C:\Users\mcfly\Documents\GitHub\band-auto-write\BandProgram\bin\Debug\chromedata\Default\shared_proto_db\metadata/MANIFEST-000001: Unable to create sequential file (ChromeMethodBFE: 7::NewSequentialFile::1)
[984:11988:0429/215413.375:WARNING:components\leveldb_proto\internal\leveldb_database.cc:124] Unable to open C:\Users\mcfly\Documents\GitHub\band-auto-write\BandProgram\bin\Debug\chromedata\Default\shared_proto_db\metadata: IO error: C:\Users\mcfly\Documents\GitHub\band-auto-write\BandProgram\bin\Debug\chromedata\Default\shared_proto_db\metadata/MANIFEST-000001: Unable to create sequential file (ChromeMethodBFE: 7::NewSequentialFile::1)
[984:11988:0429/215413.377:WARNING:components\leveldb_proto\internal\leveldb_database.cc:124] Unable to open C:\Users\mcfly\Documents\GitHub\band-auto-write\BandProgram\bin\Debug\chromedata\Default\shared_proto_db\metadata: IO error: C:\Users\mcfly\Documents\GitHub\band-auto-write\BandProgram\bin\Debug\chromedata\Default\shared_proto_db\metadata/MANIFEST-000001: Unable to create sequential file (ChromeMethodBFE: 7::NewSequentialFile::1)
[984:11988:0429/215413.379:WARNING:components\leveldb_proto\internal\leveldb_database.cc:124] Unable to open C:\Users\mcfly\Documents\GitHub\band-auto-write\BandProgram\bin\Debug\chromedata\Default\shared_proto_db\metadata: IO error: C:\Users\mcfly\Documents\GitHub\band-auto-write\BandProgram\bin\Debug\chromedata\Default\shared_proto_db\metadata/MANIFEST-000001: Unable to create sequential file (ChromeMethodBFE: 7::NewSequentialFile::1)
[984:11988:0429/215413.407:WARNING:components\value_store\value_store_frontend.cc:47] Reading ahfgeienlihckogmohjhadlkjgocpleb.alarms from  failed: IO error: .../MANIFEST-000001: Unable to create sequential file (ChromeMethodBFE: 7::NewSequentialFile::1)
[984:11988:0429/215413.413:WARNING:components\value_store\value_store_frontend.cc:47] Reading mhjfbmdgcfjbbpaeojofohoefgiehjai.alarms from  failed: IO error: .../MANIFEST-000001: Unable to create sequential file (ChromeMethodBFE: 7::NewSequentialFile::1)
[984:12848:0429/215413.282:ERROR:net\disk_cache\simple\simple_backend_impl.cc:82] Failed to create directory: Cache\Default\Code Cache\js
[984:12228:0429/215413.235:ERROR:net\disk_cache\cache_util_win.cc:25] Unable to move the cache: 지정된 경로를 찾을 수 없습니다. (0x3)
[984:12848:0429/215413.528:ERROR:net\disk_cache\simple\simple_backend_impl.cc:750] Simple Cache Backend: wrong file structure on disk: 1 path: Cache\Default\Code Cache\js
[984:1324:0429/215413.528:ERROR:net\disk_cache\disk_cache.cc:284] Unable to create cache
[984:12848:0429/215413.530:ERROR:net\disk_cache\cache_util_win.cc:25] Unable to move the cache: 지정된 경로를 찾을 수 없습니다. (0x3)
[984:1324:0429/215413.532:ERROR:net\disk_cache\disk_cache.cc:284] Unable to create cache
[5780:4012:0429/215413.651:ERROR:ui\gl\direct_composition_support.cc:243] GetGpuDriverOverlayInfo: Failed to retrieve video device
[11692:12564:0429/215414.658:ERROR:net\disk_cache\cache_util_win.cc:25] Unable to move the cache: 지정된 경로를 찾을 수 없습니다. (0x3)
[11692:6056:0429/215414.662:ERROR:net\disk_cache\disk_cache.cc:284] Unable to create cache
[984:2948:0429/215420.375:INFO:CONSOLE:0] "<meta name="apple-mobile-web-app-capable" content="yes"> is deprecated. Please include <meta name="mobile-web-app-capable" content="yes">", source: https://www.band.us/home (0)
[984:2948:0429/215424.526:INFO:CONSOLE:0] "[DOM] Input elements should have autocomplete attributes (suggested: "new-password"): (More info: https://goo.gl/9p2vKq) %o", source: https://auth.band.us/phone_login/password?socket_token=w0e4fpXfNhowakclggOf&login_type= (0)
[984:4644:0429/215425.066:ERROR:google_apis\gcm\engine\registration_request.cc:291] Registration response error message: DEPRECATED_ENDPOINT
[984:9804:0429/215427.102:WARNING:components\leveldb_proto\internal\leveldb_database.cc:124] Unable to open C:\Users\mcfly\Documents\GitHub\band-auto-write\BandProgram\bin\Debug\chromedata\Default\AutofillStrikeDatabase: IO error: C:\Users\mcfly\Documents\GitHub\band-auto-write\BandProgram\bin\Debug\chromedata\Default\AutofillStrikeDatabase/MANIFEST-000001: Unable to create sequential file (ChromeMethodBFE: 7::NewSequentialFile::1)
[984:9804:0429/215427.143:WARNING:components\leveldb_proto\internal\leveldb_database.cc:124] Unable to open C:\Users\mcfly\Documents\GitHub\band-auto-write\BandProgram\bin\Debug\chromedata\Default\BudgetDatabase: IO error: C:\Users\mcfly\Documents\GitHub\band-auto-write\BandProgram\bin\Debug\chromedata\Default\BudgetDatabase/MANIFEST-000001: Unable to create sequential file (ChromeMethodBFE: 7::NewSequentialFile::1)
[984:9804:0429/215427.159:WARNING:components\leveldb_proto\internal\leveldb_database.cc:124] Unable to open C:\Users\mcfly\Documents\GitHub\band-auto-write\BandProgram\bin\Debug\chromedata\Default\Feature Engagement Tracker\AvailabilityDB: IO error: C:\Users\mcfly\Documents\GitHub\band-auto-write\BandProgram\bin\Debug\chromedata\Default\Feature Engagement Tracker\AvailabilityDB/MANIFEST-000001: Unable to create sequential file (ChromeMethodBFE: 7::NewSequentialFile::1)
[984:9804:0429/215427.170:WARNING:components\leveldb_proto\internal\leveldb_database.cc:124] Unable to open C:\Users\mcfly\Documents\GitHub\band-auto-write\BandProgram\bin\Debug\chromedata\Default\Feature Engagement Tracker\EventDB: IO error: C:\Users\mcfly\Documents\GitHub\band-auto-write\BandProgram\bin\Debug\chromedata\Default\Feature Engagement Tracker\EventDB/MANIFEST-000001: Unable to create sequential file (ChromeMethodBFE: 7::NewSequentialFile::1)
[984:9804:0429/215427.500:WARNING:components\leveldb_proto\internal\leveldb_database.cc:124] Unable to open C:\Users\mcfly\Documents\GitHub\band-auto-write\BandProgram\bin\Debug\chromedata\Default\AutofillStrikeDatabase: IO error: C:\Users\mcfly\Documents\GitHub\band-auto-write\BandProgram\bin\Debug\chromedata\Default\AutofillStrikeDatabase/MANIFEST-000001: Unable to create sequential file (ChromeMethodBFE: 7::NewSequentialFile::1)
[984:9804:0429/215427.517:WARNING:components\leveldb_proto\internal\leveldb_database.cc:124] Unable to open C:\Users\mcfly\Documents\GitHub\band-auto-write\BandProgram\bin\Debug\chromedata\Default\AutofillStrikeDatabase: IO error: C:\Users\mcfly\Documents\GitHub\band-auto-write\BandProgram\bin\Debug\chromedata\Default\AutofillStrikeDatabase/MANIFEST-000001: Unable to create sequential file (ChromeMethodBFE: 7::NewSequentialFile::1)
[984:9804:0429/215427.523:WARNING:components\leveldb_proto\internal\leveldb_database.cc:124] Unable to open C:\Users\mcfly\Documents\GitHub\band-auto-write\BandProgram\bin\Debug\chromedata\Default\AutofillStrikeDatabase: IO error: C:\Users\mcfly\Documents\GitHub\band-auto-write\BandProgram\bin\Debug\chromedata\Default\AutofillStrikeDatabase/MANIFEST-000001: Unable to create sequential file (ChromeMethodBFE: 7::NewSequentialFile::1)
[984:2948:0429/215432.250:INFO:CONSOLE:370] "true", source: https://auth.band.us/b/validation/phone_number?next_url=https%3A%2F%2Fband.us (370)
[11692:6056:0429/215449.127:WARNING:net\spdy\spdy_session.cc:3093] Received HEADERS for invalid stream 33
